Printing exec graph
thread "main"[tid=t0]:
	(t0, 0): BEGIN
	(t0, 1): TCREATE(t1)
	(t0, 2): TCREATE(t2)
	(t0, 3): TCREATE(t3)
	(t0, 4): SEND(TSome(Loc(Thread(ThreadId { opaque_id: 1 }))), Val { val: Init { prober: ThreadId { opaque_id: 2 }, target: ThreadId { opaque_id: 1 }, bystanders: [ThreadId { opaque_id: 3 }] }, type_name: "swim_timed::Init" })
	(t0, 5): SEND(TSome(Loc(Thread(ThreadId { opaque_id: 2 }))), Val { val: Init { prober: ThreadId { opaque_id: 2 }, target: ThreadId { opaque_id: 1 }, bystanders: [ThreadId { opaque_id: 3 }] }, type_name: "swim_timed::Init" })
	(t0, 6): SEND(TSome(Loc(Thread(ThreadId { opaque_id: 3 }))), Val { val: Init { prober: ThreadId { opaque_id: 2 }, target: ThreadId { opaque_id: 1 }, bystanders: [ThreadId { opaque_id: 3 }] }, type_name: "swim_timed::Init" })
	(t0, 7): BLK Join(ThreadId { opaque_id: 1 })
thread t1:
	(t1, 0): BEGIN
	(t1, 1): RECV() [(t0, 4)]
	(t1, 2): RECV W_r=∞() [(t2, 2)]
	(t1, 3): SEND(TSome(Loc(Thread(ThreadId { opaque_id: 2 }))), Val { val: Ack, type_name: "swim_timed::MMsg" })
	(t1, 4): RECV W_r=∞() [(t2, 4)]
	(t1, 5): SEND(TSome(Loc(Thread(ThreadId { opaque_id: 2 }))), Val { val: Alive { inc: 1 }, type_name: "swim_timed::MMsg" })
	(t1, 6): SEND(TSome(Loc(Thread(ThreadId { opaque_id: 3 }))), Val { val: Alive { inc: 1 }, type_name: "swim_timed::MMsg" })
	(t1, 7): BLK Value W_r=∞(RecvLoc { locs: Some([Loc(Thread(ThreadId { opaque_id: 1 }))]), tag: None })
thread t2:
	(t2, 0): BEGIN
	(t2, 1): RECV() [(t0, 5)]
	(t2, 2): SEND(TSome(Loc(Thread(ThreadId { opaque_id: 1 }))), Val { val: Ping { round: 0 }, type_name: "swim_timed::MMsg" })
	(t2, 3): RECV W_r=3() [TIMEOUT]
	(t2, 4): SEND(TSome(Loc(Thread(ThreadId { opaque_id: 1 }))), Val { val: Suspect { inc: 0, round: 0 }, type_name: "swim_timed::MMsg" })
	(t2, 5): SEND(TSome(Loc(Thread(ThreadId { opaque_id: 3 }))), Val { val: Suspect { inc: 0, round: 0 }, type_name: "swim_timed::MMsg" })
	(t2, 6): RECV W_r=∞() [(t1, 3)]
	(t2, 7): RECV W_r=5() [TIMEOUT]
	(t2, 8): RECV W_r=∞() [(t1, 5)]
	(t2, 9): BLK Assert
thread t3:
	(t3, 0): BEGIN
	(t3, 1): RECV() [(t0, 6)]
	(t3, 2): RECV W_r=∞() [(t2, 5)]
	(t3, 3): RECV W_r=5() [TIMEOUT]

Random schedule seed: 5128595460644099620.
A panic was detected

thread 'main' (982805) panicked at traceforge/src/lib.rs:2322:21:
assertion failed: cond
note: run with `RUST_BACKTRACE=1` environment variable to display a backtrace
Command exited with non-zero status 101
TFRUSAGE user=0.00 sys=0.00 maxrss_kb=3796
