[v6:grid] 64 cells, 128 work items to run (0 rows already present), jobs=3, workers=64, timeout=None
[1/128]  comm_closed_leader_election_inbox N3 R1 regime C                                 baseline= hold/680 viol= wall=0.3s cpu=0.2s
[2/128]  comm_closed_leader_election_inbox N3 R1 regime A                                 baseline= hold/680 viol= wall=0.3s cpu=0.1s
[3/128]  comm_closed_leader_election_inbox N3 R1 regime B                                 baseline= hold/680 viol= wall=0.3s cpu=0.1s
[4/128]  comm_closed_leader_election_inbox N3 R1 regime F                                 baseline= hold/680 viol= wall=0.3s cpu=0.1s
[5/128]  comm_closed_leader_election_inbox N3 R1 regime A                                    timed= hold/158 viol= wall=0.3s cpu=0.1s
[6/128]  comm_closed_leader_election_inbox N3 R1 regime B                                    timed= hold/680 viol= wall=0.3s cpu=0.2s
[7/128]                     three_pc_timed N3 R1 W/U=2                                    baseline= hold/2026 viol= wall=0.1s cpu=0.1s
[8/128]                     three_pc_timed N3 R1 W/U=3                                    baseline= hold/2026 viol= wall=0.1s cpu=0.1s
[9/128]                     three_pc_timed N3 R1 W/U=5                                    baseline= hold/2026 viol= wall=0.1s cpu=0.1s
[10/128]  comm_closed_leader_election_inbox N3 R1 regime F                                    timed= hold/680 viol= wall=0.3s cpu=0.2s
[11/128]  comm_closed_leader_election_inbox N3 R1 regime C                                    timed= hold/680 viol= wall=0.3s cpu=0.2s
[12/128]                     three_pc_timed N3 R1 W/U=7                                    baseline= hold/2026 viol= wall=0.1s cpu=0.1s
[13/128]                     three_pc_timed N3 R1 W/U=10                                   baseline= hold/2026 viol= wall=0.1s cpu=0.1s
[14/128]                     three_pc_timed N3 R1 W/U=2                                       timed= hold/1593 viol= wall=0.1s cpu=0.1s
[15/128]                     three_pc_timed N3 R1 W/U=3                                       timed= hold/891 viol= wall=0.1s cpu=0.1s
[16/128]                     three_pc_timed N3 R1 W/U=5                                       timed= hold/891 viol= wall=0.1s cpu=0.1s
[17/128]                     three_pc_timed N3 R1 W/U=7                                       timed= hold/891 viol= wall=0.1s cpu=0.1s
[18/128]                     three_pc_timed N3 R1 W/U=10                                      timed= hold/891 viol= wall=0.1s cpu=0.1s
[19/128]        comm_closed_leader_election N3 R1 regime A                                 baseline= hold/10232 viol= wall=0.3s cpu=0.7s
[20/128]        comm_closed_leader_election N3 R1 regime B                                 baseline= hold/10232 viol= wall=0.3s cpu=0.6s
[21/128]        comm_closed_leader_election N3 R1 regime C                                 baseline= hold/10232 viol= wall=0.3s cpu=0.7s
[22/128]        comm_closed_leader_election N3 R1 regime F                                 baseline= hold/10232 viol= wall=0.3s cpu=0.6s
[23/128]        comm_closed_leader_election N3 R1 regime A                                    timed= hold/5786 viol= wall=0.3s cpu=0.7s
[24/128]        comm_closed_leader_election N3 R1 regime B                                    timed= hold/10232 viol= wall=0.3s cpu=1.1s
[25/128]        comm_closed_leader_election N3 R1 regime C                                    timed= hold/10232 viol= wall=0.3s cpu=1.2s
[26/128]        comm_closed_leader_election N3 R1 regime F                                    timed= hold/10232 viol= wall=0.3s cpu=1.1s
[27/128]  comm_closed_leader_election_inbox N4 R1 regime A                                 baseline= hold/25968 viol= wall=0.5s cpu=6.0s
[28/128]  comm_closed_leader_election_inbox N4 R1 regime B                                 baseline= hold/25968 viol= wall=0.5s cpu=6.0s
[29/128]  comm_closed_leader_election_inbox N4 R1 regime C                                 baseline= hold/25968 viol= wall=0.5s cpu=6.1s
[30/128]  comm_closed_leader_election_inbox N4 R1 regime A                                    timed= hold/996 viol= wall=0.3s cpu=1.3s
[31/128]  comm_closed_leader_election_inbox N4 R1 regime F                                 baseline= hold/25968 viol= wall=0.5s cpu=5.8s
[32/128]  comm_closed_leader_election_inbox N4 R1 regime B                                    timed= hold/25968 viol= wall=0.5s cpu=10.2s
[33/128]  comm_closed_leader_election_inbox N4 R1 regime C                                    timed= hold/25968 viol= wall=0.5s cpu=9.7s
[34/128]  comm_closed_leader_election_inbox N4 R1 regime F                                    timed= hold/25968 viol= wall=0.5s cpu=8.4s
[35/128]                     three_pc_timed N4 R1 W/U=2                                    baseline= hold/49816 viol= wall=2.3s cpu=2.3s
[36/128]                     three_pc_timed N4 R1 W/U=3                                    baseline= hold/49816 viol= wall=2.3s cpu=2.3s
[37/128]                     three_pc_timed N4 R1 W/U=5                                    baseline= hold/49816 viol= wall=2.3s cpu=2.3s
[38/128]                     three_pc_timed N4 R1 W/U=7                                    baseline= hold/49816 viol= wall=2.3s cpu=2.2s
[39/128]                     three_pc_timed N4 R1 W/U=10                                   baseline= hold/49816 viol= wall=2.3s cpu=2.3s
[40/128]                     three_pc_timed N4 R1 W/U=2                                       timed= hold/32937 viol= wall=3.2s cpu=3.2s
[41/128]                     three_pc_timed N4 R1 W/U=3                                       timed= hold/17553 viol= wall=2.0s cpu=2.0s
[42/128]                     three_pc_timed N4 R1 W/U=5                                       timed= hold/17553 viol= wall=2.0s cpu=2.0s
[43/128]                     three_pc_timed N4 R1 W/U=7                                       timed= hold/17553 viol= wall=2.0s cpu=2.0s
[44/128]                     three_pc_timed N4 R1 W/U=10                                      timed= hold/17553 viol= wall=2.0s cpu=2.0s
[45/128]  comm_closed_leader_election_inbox N3 R2 B=2 regime A                                timed= hold/11746 viol= wall=1.3s cpu=24.8s
[46/128]  comm_closed_leader_election_inbox N3 R2 B=2 regime A                             baseline= hold/462400 viol= wall=6.3s cpu=102.5s
[47/128]  comm_closed_leader_election_inbox N3 R2 B=2 regime C                                timed= hold/265210 viol= wall=3.3s cpu=117.8s
[48/128]  comm_closed_leader_election_inbox N3 R2 B=2 regime C                             baseline= hold/462400 viol= wall=7.4s cpu=108.0s
[49/128]                     three_pc_timed N5 R1 W/U=3                                    baseline= hold/1750984 viol= wall=98.1s cpu=98.0s
[50/128]                     three_pc_timed N5 R1 W/U=2                                    baseline= hold/1750984 viol= wall=100.4s cpu=100.3s
[51/128]                     three_pc_timed N5 R1 W/U=5                                    baseline= hold/1750984 viol= wall=99.9s cpu=99.9s
[52/128]                     three_pc_timed N5 R1 W/U=7                                    baseline= hold/1750984 viol= wall=99.3s cpu=99.3s
[53/128]                     three_pc_timed N5 R1 W/U=10                                   baseline= hold/1750984 viol= wall=100.4s cpu=100.3s
[54/128]                     three_pc_timed N5 R1 L/U=0.25                                 baseline= hold/1750984 viol= wall=99.0s cpu=99.0s
[55/128]                     three_pc_timed N5 R1 W/U=3                                       timed= hold/622773 viol= wall=89.4s cpu=89.4s
[56/128]                     three_pc_timed N5 R1 sd/U=0.5                                 baseline= hold/1750984 viol= wall=98.6s cpu=98.5s
[57/128]                     three_pc_timed N5 R1 W/U=2                                       timed= hold/1045983 viol= wall=133.0s cpu=133.0s
[58/128]                     three_pc_timed N5 R1 W/U=5                                       timed= hold/622773 viol= wall=89.4s cpu=89.4s
[59/128]                     three_pc_timed N5 R1 W/U=7                                       timed= hold/622773 viol= wall=89.1s cpu=89.1s
[60/128]                     three_pc_timed N5 R1 W/U=10                                      timed= hold/622773 viol= wall=89.5s cpu=89.5s
[61/128]                     three_pc_timed N5 R1 L/U=0.25                                    timed= hold/591573 viol= wall=90.3s cpu=90.3s
[62/128]                     three_pc_timed N5 R1 sd/U=0.5                                    timed= hold/622773 viol= wall=89.1s cpu=89.0s
[63/128]                     three_pc_timed N3 R2 R=2                                         timed= hold/130857 viol= wall=20.7s cpu=20.7s
[64/128]                     three_pc_timed N3 R2 R=2                                      baseline= hold/3612857 viol= wall=201.9s cpu=201.8s
[65/128]        comm_closed_leader_election N3 R2 B=2 regime C                             baseline= hold/104693824 viol= wall=158.0s cpu=7170.2s
[66/128]        comm_closed_leader_election N3 R2 B=2 regime A                             baseline= hold/104693824 viol= wall=198.3s cpu=7524.9s
[67/128]        comm_closed_leader_election N3 R2 B=2 regime A                                timed= hold/11272450 viol= wall=59.1s cpu=2259.8s
[68/128]        comm_closed_leader_election N4 R1 regime A                                 baseline= hold/116020500 viol= wall=142.6s cpu=8900.4s
[69/128]        comm_closed_leader_election N3 R2 B=2 regime C                                timed= hold/52184584 viol= wall=171.9s cpu=10058.6s
[70/128]        comm_closed_leader_election N4 R1 regime F                                 baseline= hold/116020500 viol= wall=151.8s cpu=9497.6s
[71/128]        comm_closed_leader_election N4 R1 regime A                                    timed= hold/14857656 viol= wall=55.8s cpu=2779.8s
[72/128]  comm_closed_leader_election_inbox N5 R1 regime A                                 baseline= hold/31694957 viol= wall=125.6s cpu=6806.8s
[73/128]  comm_closed_leader_election_inbox N5 R1 regime B                                 baseline= hold/31694957 viol= wall=112.5s cpu=6315.7s
[74/128]  comm_closed_leader_election_inbox N5 R1 regime C                                 baseline= hold/31694957 viol= wall=123.3s cpu=6789.7s
[75/128]  comm_closed_leader_election_inbox N5 R1 regime F                                 baseline= hold/31694957 viol= wall=119.3s cpu=6592.2s
[76/128]        comm_closed_leader_election N4 R1 regime F                                    timed= hold/116020500 viol= wall=305.1s cpu=18313.1s
[77/128]  comm_closed_leader_election_inbox N5 R1 regime C                                    timed= hold/31694957 viol= wall=172.1s cpu=10656.6s
[78/128]  comm_closed_leader_election_inbox N5 R1 regime B                                    timed= hold/31694957 viol= wall=199.9s cpu=12503.6s
[79/128]  comm_closed_leader_election_inbox N5 R1 regime F                                    timed= hold/31694957 viol= wall=111.3s cpu=6638.4s
[v6:grid] 64 cells, 49 work items to run (79 rows already present), jobs=3, workers=64, timeout=None
[1/49]                     three_pc_timed N6 R1 W/U=3                                    baseline= hold/91808848 viol= wall=3042.4s cpu=23361.0s
[2/49]                     three_pc_timed N6 R1 W/U=2                                    baseline= hold/91808848 viol= wall=3179.6s cpu=23660.4s
[3/49]                     three_pc_timed N6 R1 W/U=7                                    baseline= hold/91808848 viol= wall=2921.8s cpu=23458.2s
[4/49]                     three_pc_timed N6 R1 W/U=5                                    baseline= hold/91808848 viol= wall=3259.7s cpu=24241.8s
[5/49]                     three_pc_timed N6 R1 W/U=2                                       timed= hold/53783001 viol= wall=1903.8s cpu=26379.7s
[6/49]                     three_pc_timed N6 R1 W/U=10                                   baseline= hold/91808848 viol= wall=3004.8s cpu=23464.1s
[7/49]                     three_pc_timed N6 R1 W/U=3                                       timed= hold/37742085 viol= wall=1449.3s cpu=21937.4s
[8/49]  comm_closed_leader_election_inbox N5 R1 regime A                                    timed= hold/249347 viol= wall=10499.1s cpu=594399.4s
[9/49]                     three_pc_timed N6 R1 W/U=5                                       timed= hold/37742085 viol= wall=1409.2s cpu=21431.1s
[10/49]                     three_pc_timed N6 R1 W/U=7                                       timed= hold/37742085 viol= wall=1540.7s cpu=22137.5s
[11/49]                     three_pc_timed N6 R1 W/U=10                                      timed= hold/37742085 viol= wall=1600.7s cpu=22328.4s
[12/49]  comm_closed_leader_election_inbox N3 R3 B=3 regime A                                timed= hold/746594 viol= wall=1202.6s cpu=52790.1s
[13/49]  comm_closed_leader_election_inbox N3 R3 B=3 regime A                             baseline= hold/314432000 viol= wall=3921.8s cpu=88543.6s
[14/49]  comm_closed_leader_election_inbox N4 R2 B=2 regime A                             baseline= hold/674337024 viol= wall=6035.0s cpu=178868.6s
[15/49]  comm_closed_leader_election_inbox N4 R2 B=2 regime C                             baseline= hold/674337024 viol= wall=6056.3s cpu=181207.2s
[16/49]  comm_closed_leader_election_inbox N4 R2 B=2 regime A                                timed= hold/377044 viol= wall=52069.1s cpu=1745810.0s
[17/49]                     three_pc_timed N3 R3 R=3                                         timed= hold/16660137 viol= wall=183.9s cpu=8038.2s
[18/49]                     three_pc_timed N4 R2 R=2                                      baseline= hold/2431424249 viol= wall=62859.3s cpu=585959.8s
[19/49]                     three_pc_timed N4 R2 R=2                                         timed= hold/25187673 viol= wall=403.5s cpu=12176.0s
[20/49]  comm_closed_leader_election_inbox N6 R1 regime A                                 baseline= hold/17742671980 viol= wall=55496.1s cpu=3475770.4s
[21/49]                     three_pc_timed N3 R3 R=3                                      baseline= hold/11253830005 viol= wall=196104.5s cpu=2427813.0s
[22/49]  comm_closed_leader_election_inbox N6 R1 regime F                                 baseline= hold/17742671980 viol= wall=63963.0s cpu=4016525.8s
